
> laha-dashboard@0.1.0 build
> next build

  Ôû▓ Next.js 14.2.32
  - Environments: .env.local, .env

   Creating an optimized production build ...
